2020-11-25T13:12:13.012Z: change count started...
2020-11-25T13:12:13.013Z: Open App
2020-11-25T13:12:18.594Z: Find Grid
2020-11-25T13:12:18.850Z: Something wrong
ERROR: 2020-11-25T13:12:18.853Z: Cannot read property 'chord' of undefined